[INFO] Scanning for projects...
[INFO] ------------------------------------------------------------------------
[INFO] Reactor Build Order:
[INFO] 
[INFO] protocol                                                           [jar]
[INFO] scheduler                                                          [jar]
[INFO] 
[INFO] ------------------------< edu.vt.dag:protocol >-------------------------
[INFO] Building protocol 0.2.0                                            [1/2]
[INFO]   from pom.xml
[INFO] --------------------------------[ jar ]---------------------------------
[INFO] 
[INFO] --- resources:3.3.1:resources (default-resources) @ protocol ---
[INFO] skip non existing resourceDirectory /workspace/scratch/565bb6dfb453/distributed-dag-scheduler/protocol/src/main/resources
[INFO] 
[INFO] --- compiler:3.13.0:compile (default-compile) @ protocol ---
[INFO] Recompiling the module because of changed source code.
[INFO] Compiling 7 source files with javac [debug release 21] to target/classes
[INFO] 
[INFO] --- resources:3.3.1:testResources (default-testResources) @ protocol ---
[INFO] skip non existing resourceDirectory /workspace/scratch/565bb6dfb453/distributed-dag-scheduler/protocol/src/test/resources
[INFO] 
[INFO] --- compiler:3.13.0:testCompile (default-testCompile) @ protocol ---
[INFO] Recompiling the module because of changed dependency.
[INFO] Compiling 2 source files with javac [debug release 21] to target/test-classes
[INFO] 
[INFO] --- surefire:3.5.2:test (default-test) @ protocol ---
[INFO] Using auto detected provider org.apache.maven.surefire.junitplatform.JUnitPlatformProvider
[INFO] 
[INFO] -------------------------------------------------------
[INFO]  T E S T S
[INFO] -------------------------------------------------------
[INFO] Running edu.vt.dag.WireContractTest
[INFO] Tests run: 27, Failures: 0, Errors: 0, Skipped: 0, Time elapsed: 0.385 s -- in edu.vt.dag.WireContractTest
[INFO] Running edu.vt.dag.ManifestValidatorTest
[INFO] Tests run: 6, Failures: 0, Errors: 0, Skipped: 0, Time elapsed: 0.015 s -- in edu.vt.dag.ManifestValidatorTest
[INFO] 
[INFO] Results:
[INFO] 
[INFO] Tests run: 33, Failures: 0, Errors: 0, Skipped: 0
[INFO] 
[INFO] 
[INFO] --- jar:3.4.1:jar (default-jar) @ protocol ---
[INFO] Building jar: /workspace/scratch/565bb6dfb453/distributed-dag-scheduler/protocol/target/protocol-0.2.0.jar
[INFO] 
[INFO] ------------------------< edu.vt.dag:scheduler >------------------------
[INFO] Building scheduler 0.2.0                                           [2/2]
[INFO]   from /workspace/scratch/565bb6dfb453/distributed-dag-scheduler/scheduler/pom.xml
[INFO] --------------------------------[ jar ]---------------------------------
[INFO] 
[INFO] --- resources:3.3.1:resources (default-resources) @ scheduler ---
[INFO] skip non existing resourceDirectory /workspace/scratch/565bb6dfb453/distributed-dag-scheduler/scheduler/src/main/resources
[INFO] 
[INFO] --- compiler:3.13.0:compile (default-compile) @ scheduler ---
[INFO] Recompiling the module because of changed dependency.
[INFO] Compiling 5 source files with javac [debug release 21] to target/classes
[INFO] 
[INFO] --- resources:3.3.1:testResources (default-testResources) @ scheduler ---
[INFO] skip non existing resourceDirectory /workspace/scratch/565bb6dfb453/distributed-dag-scheduler/scheduler/src/test/resources
[INFO] 
[INFO] --- compiler:3.13.0:testCompile (default-testCompile) @ scheduler ---
[INFO] Recompiling the module because of changed dependency.
[INFO] Compiling 2 source files with javac [debug release 21] to target/test-classes
[INFO] 
[INFO] --- surefire:3.5.2:test (default-test) @ scheduler ---
[INFO] Using auto detected provider org.apache.maven.surefire.junitplatform.JUnitPlatformProvider
[INFO] 
[INFO] -------------------------------------------------------
[INFO]  T E S T S
[INFO] -------------------------------------------------------
[INFO] Running edu.vt.dag.SchedulerStateMachineTest
[INFO] Tests run: 12, Failures: 0, Errors: 0, Skipped: 0, Time elapsed: 0.244 s -- in edu.vt.dag.SchedulerStateMachineTest
[INFO] Running edu.vt.dag.SchedulerCoreTest
[INFO] Tests run: 8, Failures: 0, Errors: 0, Skipped: 0, Time elapsed: 0.024 s -- in edu.vt.dag.SchedulerCoreTest
[INFO] 
[INFO] Results:
[INFO] 
[INFO] Tests run: 20, Failures: 0, Errors: 0, Skipped: 0
[INFO] 
[INFO] 
[INFO] --- jar:3.4.1:jar (default-jar) @ scheduler ---
[INFO] Building jar: /workspace/scratch/565bb6dfb453/distributed-dag-scheduler/scheduler/target/scheduler-0.2.0.jar
[INFO] 
[INFO] --- shade:3.6.0:shade (default) @ scheduler ---
[INFO] Including edu.vt.dag:protocol:jar:0.2.0 in the shaded jar.
[INFO] Including com.fasterxml.jackson.core:jackson-databind:jar:2.18.3 in the shaded jar.
[INFO] Including com.fasterxml.jackson.core:jackson-annotations:jar:2.18.3 in the shaded jar.
[INFO] Including com.fasterxml.jackson.core:jackson-core:jar:2.18.3 in the shaded jar.
[WARNING] Discovered module-info.class. Shading will break its strong encapsulation.
[WARNING] jackson-annotations-2.18.3.jar, jackson-core-2.18.3.jar, jackson-databind-2.18.3.jar define 2 overlapping resources: 
[WARNING]   - META-INF/LICENSE
[WARNING]   - META-INF/NOTICE
[WARNING] jackson-annotations-2.18.3.jar, jackson-core-2.18.3.jar, jackson-databind-2.18.3.jar, protocol-0.2.0.jar, scheduler-0.2.0.jar define 1 overlapping resource: 
[WARNING]   - META-INF/MANIFEST.MF
[WARNING] jackson-core-2.18.3.jar, jackson-databind-2.18.3.jar define 1 overlapping classes: 
[WARNING]   - META-INF.versions.9.module-info
[WARNING] maven-shade-plugin has detected that some files are
[WARNING] present in two or more JARs. When this happens, only one
[WARNING] single version of the file is copied to the uber jar.
[WARNING] Usually this is not harmful and you can skip these warnings,
[WARNING] otherwise try to manually exclude artifacts based on
[WARNING] mvn dependency:tree -Ddetail=true and the above output.
[WARNING] See https://maven.apache.org/plugins/maven-shade-plugin/
[INFO] Replacing original artifact with shaded artifact.
[INFO] Replacing /workspace/scratch/565bb6dfb453/distributed-dag-scheduler/scheduler/target/scheduler-0.2.0.jar with /workspace/scratch/565bb6dfb453/distributed-dag-scheduler/scheduler/target/scheduler-0.2.0-shaded.jar
[INFO] ------------------------------------------------------------------------
[INFO] Reactor Summary for protocol 0.2.0:
[INFO] 
[INFO] protocol ........................................... SUCCESS [ 16.011 s]
[INFO] scheduler .......................................... SUCCESS [  2.016 s]
[INFO] ------------------------------------------------------------------------
[INFO] BUILD SUCCESS
[INFO] ------------------------------------------------------------------------
[INFO] Total time:  18.125 s
[INFO] Finished at: 2026-10-02T12:39:02-04:00
[INFO] ------------------------------------------------------------------------
