OK    results/handoffs/step-10/external-9064f75356bf492aa6dd3189c72dc88c/step10-compose-9064f75356bf492aa6dd3189c72dc88c/test_worker_crash_reassignment/: 2 job histories satisfy the safety invariants
OK    results/handoffs/step-10/external-9064f75356bf492aa6dd3189c72dc88c/step10-acceptance-retry-9c6316bf38fc4477bccfea3f393c3a32/test_artifact_staging_atomic_publication_and_conflicts/: 0 job histories satisfy the safety invariants
OK    results/handoffs/step-10/external-9064f75356bf492aa6dd3189c72dc88c/step10-acceptance-retry-9c6316bf38fc4477bccfea3f393c3a32/test_cached_empty_claim_stays_empty/: 1 job histories satisfy the safety invariants
OK    results/handoffs/step-10/external-9064f75356bf492aa6dd3189c72dc88c/step10-acceptance-retry-9c6316bf38fc4477bccfea3f393c3a32/test_committed_functional_workload/: 3 job histories satisfy the safety invariants
OK    results/handoffs/step-10/external-9064f75356bf492aa6dd3189c72dc88c/step10-acceptance-retry-9c6316bf38fc4477bccfea3f393c3a32/test_counters_gauges_and_snapshot_sequence_are_consistent/: 1 job histories satisfy the safety invariants
OK    results/handoffs/step-10/external-9064f75356bf492aa6dd3189c72dc88c/step10-acceptance-retry-9c6316bf38fc4477bccfea3f393c3a32/test_duplicate_conflicting_stale_reports_and_retry/: 1 job histories satisfy the safety invariants
OK    results/handoffs/step-10/external-9064f75356bf492aa6dd3189c72dc88c/step10-acceptance-retry-9c6316bf38fc4477bccfea3f393c3a32/test_endpoint_errors_are_structured/: 0 job histories satisfy the safety invariants
OK    results/handoffs/step-10/external-9064f75356bf492aa6dd3189c72dc88c/step10-acceptance-retry-9c6316bf38fc4477bccfea3f393c3a32/test_functional_multiple_jobs_workers/: 4 job histories satisfy the safety invariants
OK    results/handoffs/step-10/external-9064f75356bf492aa6dd3189c72dc88c/step10-acceptance-retry-9c6316bf38fc4477bccfea3f393c3a32/test_health_and_run_header/: 0 job histories satisfy the safety invariants
OK    results/handoffs/step-10/external-9064f75356bf492aa6dd3189c72dc88c/step10-acceptance-retry-9c6316bf38fc4477bccfea3f393c3a32/test_hooks_are_disabled_by_default/: 1 job histories satisfy the safety invariants
OK    results/handoffs/step-10/external-9064f75356bf492aa6dd3189c72dc88c/step10-acceptance-retry-9c6316bf38fc4477bccfea3f393c3a32/test_invalid_dags_never_accepted[bad_binding]/: 0 job histories satisfy the safety invariants
OK    results/handoffs/step-10/external-9064f75356bf492aa6dd3189c72dc88c/step10-acceptance-retry-9c6316bf38fc4477bccfea3f393c3a32/test_invalid_dags_never_accepted[cycle]/: 0 job histories satisfy the safety invariants
OK    results/handoffs/step-10/external-9064f75356bf492aa6dd3189c72dc88c/step10-acceptance-retry-9c6316bf38fc4477bccfea3f393c3a32/test_invalid_dags_never_accepted[duplicate]/: 0 job histories satisfy the safety invariants
OK    results/handoffs/step-10/external-9064f75356bf492aa6dd3189c72dc88c/step10-acceptance-retry-9c6316bf38fc4477bccfea3f393c3a32/test_invalid_dags_never_accepted[duplicate_parent]/: 0 job histories satisfy the safety invariants
OK    results/handoffs/step-10/external-9064f75356bf492aa6dd3189c72dc88c/step10-acceptance-retry-9c6316bf38fc4477bccfea3f393c3a32/test_invalid_dags_never_accepted[empty]/: 0 job histories satisfy the safety invariants
OK    results/handoffs/step-10/external-9064f75356bf492aa6dd3189c72dc88c/step10-acceptance-retry-9c6316bf38fc4477bccfea3f393c3a32/test_invalid_dags_never_accepted[operation]/: 0 job histories satisfy the safety invariants
OK    results/handoffs/step-10/external-9064f75356bf492aa6dd3189c72dc88c/step10-acceptance-retry-9c6316bf38fc4477bccfea3f393c3a32/test_invalid_dags_never_accepted[self]/: 0 job histories satisfy the safety invariants
OK    results/handoffs/step-10/external-9064f75356bf492aa6dd3189c72dc88c/step10-acceptance-retry-9c6316bf38fc4477bccfea3f393c3a32/test_invalid_dags_never_accepted[too_many]/: 0 job histories satisfy the safety invariants
OK    results/handoffs/step-10/external-9064f75356bf492aa6dd3189c72dc88c/step10-acceptance-retry-9c6316bf38fc4477bccfea3f393c3a32/test_invalid_dags_never_accepted[unknown_parent]/: 0 job histories satisfy the safety invariants
OK    results/handoffs/step-10/external-9064f75356bf492aa6dd3189c72dc88c/step10-acceptance-retry-9c6316bf38fc4477bccfea3f393c3a32/test_java_client_upload_submit_status_fetch/: 0 job histories satisfy the safety invariants
OK    results/handoffs/step-10/external-9064f75356bf492aa6dd3189c72dc88c/step10-acceptance-retry-9c6316bf38fc4477bccfea3f393c3a32/test_join_and_independent_branch_concurrency/: 1 job histories satisfy the safety invariants
OK    results/handoffs/step-10/external-9064f75356bf492aa6dd3189c72dc88c/step10-acceptance-retry-9c6316bf38fc4477bccfea3f393c3a32/test_local_operation_timeout_is_an_explicit_bounded_failure/: 1 job histories satisfy the safety invariants
OK    results/handoffs/step-10/external-9064f75356bf492aa6dd3189c72dc88c/step10-acceptance-retry-9c6316bf38fc4477bccfea3f393c3a32/test_lost_report_ack_is_replayed_not_reexecuted/: 1 job histories satisfy the safety invariants
OK    results/handoffs/step-10/external-9064f75356bf492aa6dd3189c72dc88c/step10-acceptance-retry-9c6316bf38fc4477bccfea3f393c3a32/test_multiple_roots_sinks_and_all_tasks_required/: 1 job histories satisfy the safety invariants
OK    results/handoffs/step-10/external-9064f75356bf492aa6dd3189c72dc88c/step10-acceptance-retry-9c6316bf38fc4477bccfea3f393c3a32/test_real_worker_failure_attempt_two/: 1 job histories satisfy the safety invariants
OK    results/handoffs/step-10/external-9064f75356bf492aa6dd3189c72dc88c/step10-acceptance-retry-9c6316bf38fc4477bccfea3f393c3a32/test_rejected_commands_do_not_change_snapshots/: 1 job histories satisfy the safety invariants
OK    results/handoffs/step-10/external-9064f75356bf492aa6dd3189c72dc88c/step10-acceptance-retry-9c6316bf38fc4477bccfea3f393c3a32/test_request_body_limit_is_413/: 0 job histories satisfy the safety invariants
OK    results/handoffs/step-10/external-9064f75356bf492aa6dd3189c72dc88c/step10-acceptance-retry-9c6316bf38fc4477bccfea3f393c3a32/test_simultaneous_claims_and_session_single_slot/: 1 job histories satisfy the safety invariants
OK    results/handoffs/step-10/external-9064f75356bf492aa6dd3189c72dc88c/step10-acceptance-retry-9c6316bf38fc4477bccfea3f393c3a32/test_source_descriptors_are_verified_before_acceptance/: 0 job histories satisfy the safety invariants
OK    results/handoffs/step-10/external-9064f75356bf492aa6dd3189c72dc88c/step10-acceptance-retry-9c6316bf38fc4477bccfea3f393c3a32/test_stale_report_rejection_does_not_kill_the_worker/: 1 job histories satisfy the safety invariants
OK    results/handoffs/step-10/external-9064f75356bf492aa6dd3189c72dc88c/step10-acceptance-retry-9c6316bf38fc4477bccfea3f393c3a32/test_stale_run_is_rejected_everywhere/: 1 job histories satisfy the safety invariants
OK    results/handoffs/step-10/external-9064f75356bf492aa6dd3189c72dc88c/step10-acceptance-retry-9c6316bf38fc4477bccfea3f393c3a32/test_storage_unavailable_is_transient_and_accepts_nothing/: 0 job histories satisfy the safety invariants
OK    results/handoffs/step-10/external-9064f75356bf492aa6dd3189c72dc88c/step10-acceptance-retry-9c6316bf38fc4477bccfea3f393c3a32/test_strict_json_types_and_unknown_fields/: 0 job histories satisfy the safety invariants
OK    results/handoffs/step-10/external-9064f75356bf492aa6dd3189c72dc88c/step10-acceptance-retry-9c6316bf38fc4477bccfea3f393c3a32/test_submission_and_claim_receipts/: 1 job histories satisfy the safety invariants
OK    results/handoffs/step-10/external-9064f75356bf492aa6dd3189c72dc88c/step10-acceptance-retry-9c6316bf38fc4477bccfea3f393c3a32/test_success_requires_published_correct_outputs/: 1 job histories satisfy the safety invariants
OK    results/handoffs/step-10/external-9064f75356bf492aa6dd3189c72dc88c/step10-acceptance-retry-9c6316bf38fc4477bccfea3f393c3a32/test_video_pipeline/: 1 job histories satisfy the safety invariants
OK    results/handoffs/step-10/external-9064f75356bf492aa6dd3189c72dc88c/step10-acceptance-retry-9c6316bf38fc4477bccfea3f393c3a32/test_worker_abandons_old_run_and_joins_the_new_one/: 1 job histories satisfy the safety invariants
OK    results/handoffs/step-10/external-9064f75356bf492aa6dd3189c72dc88c/step10-acceptance-retry-9c6316bf38fc4477bccfea3f393c3a32/test_worker_crash_reassignment/: 2 job histories satisfy the safety invariants
OK    results/handoffs/step-10/external-9064f75356bf492aa6dd3189c72dc88c/step10-acceptance-retry-9c6316bf38fc4477bccfea3f393c3a32/test_worker_has_one_slot_and_starts_only_after_ack/: 3 job histories satisfy the safety invariants
OK    results/handoffs/step-10/external-9064f75356bf492aa6dd3189c72dc88c/step10-fault-demo-retry-f2b4b4ea554f43f0ad2404dd9ee9b334/test_worker_crash_reassignment/: 2 job histories satisfy the safety invariants
