[INFO] Scanning for projects...
[INFO] ------------------------------------------------------------------------
[INFO] Reactor Build Order:
[INFO] 
[INFO] dag-ms2                                                            [pom]
[INFO] protocol                                                           [jar]
[INFO] scheduler                                                          [jar]
[INFO] artifact-store                                                     [jar]
[INFO] worker                                                             [jar]
[INFO] client                                                             [jar]
[INFO] 
[INFO] -------------------------< edu.vt.dag:dag-ms2 >-------------------------
[INFO] Building dag-ms2 0.2.0                                             [1/6]
[INFO]   from pom.xml
[INFO] --------------------------------[ pom ]---------------------------------
[INFO] 
[INFO] ------------------------< edu.vt.dag:protocol >-------------------------
[INFO] Building protocol 0.2.0                                            [2/6]
[INFO]   from protocol\pom.xml
[INFO] --------------------------------[ jar ]---------------------------------
[INFO] 
[INFO] --- resources:3.3.1:resources (default-resources) @ protocol ---
[INFO] skip non existing resourceDirectory C:\Users\Hasan\OneDrive\Desktop\Capstone\distributed-dag-scheduler\protocol\src\main\resources
[INFO] 
[INFO] --- compiler:3.13.0:compile (default-compile) @ protocol ---
[INFO] Recompiling the module because of changed source code.
[INFO] Compiling 7 source files with javac [debug release 21] to target\classes
[INFO] 
[INFO] --- resources:3.3.1:testResources (default-testResources) @ protocol ---
[INFO] skip non existing resourceDirectory C:\Users\Hasan\OneDrive\Desktop\Capstone\distributed-dag-scheduler\protocol\src\test\resources
[INFO] 
[INFO] --- compiler:3.13.0:testCompile (default-testCompile) @ protocol ---
[INFO] Recompiling the module because of changed dependency.
[INFO] Compiling 2 source files with javac [debug release 21] to target\test-classes
[INFO] 
[INFO] --- surefire:3.5.2:test (default-test) @ protocol ---
[INFO] Using auto detected provider org.apache.maven.surefire.junitplatform.JUnitPlatformProvider
[INFO] 
[INFO] -------------------------------------------------------
[INFO]  T E S T S
[INFO] -------------------------------------------------------
[INFO] Running edu.vt.dag.ManifestValidatorTest
[INFO] Tests run: 6, Failures: 0, Errors: 0, Skipped: 0, Time elapsed: 0.275 s -- in edu.vt.dag.ManifestValidatorTest
[INFO] Running edu.vt.dag.WireContractTest
[INFO] Tests run: 27, Failures: 0, Errors: 0, Skipped: 0, Time elapsed: 0.723 s -- in edu.vt.dag.WireContractTest
[INFO] 
[INFO] Results:
[INFO] 
[INFO] Tests run: 33, Failures: 0, Errors: 0, Skipped: 0
[INFO] 
[INFO] 
[INFO] --- jar:3.4.1:jar (default-jar) @ protocol ---
[INFO] Building jar: C:\Users\Hasan\OneDrive\Desktop\Capstone\distributed-dag-scheduler\protocol\target\protocol-0.2.0.jar
[INFO] 
[INFO] ------------------------< edu.vt.dag:scheduler >------------------------
[INFO] Building scheduler 0.2.0                                           [3/6]
[INFO]   from scheduler\pom.xml
[INFO] --------------------------------[ jar ]---------------------------------
[INFO] 
[INFO] --- resources:3.3.1:resources (default-resources) @ scheduler ---
[INFO] skip non existing resourceDirectory C:\Users\Hasan\OneDrive\Desktop\Capstone\distributed-dag-scheduler\scheduler\src\main\resources
[INFO] 
[INFO] --- compiler:3.13.0:compile (default-compile) @ scheduler ---
[INFO] Recompiling the module because of changed dependency.
[INFO] Compiling 5 source files with javac [debug release 21] to target\classes
[INFO] 
[INFO] --- resources:3.3.1:testResources (default-testResources) @ scheduler ---
[INFO] skip non existing resourceDirectory C:\Users\Hasan\OneDrive\Desktop\Capstone\distributed-dag-scheduler\scheduler\src\test\resources
[INFO] 
[INFO] --- compiler:3.13.0:testCompile (default-testCompile) @ scheduler ---
[INFO] Recompiling the module because of changed dependency.
[INFO] Compiling 1 source file with javac [debug release 21] to target\test-classes
[INFO] 
[INFO] --- surefire:3.5.2:test (default-test) @ scheduler ---
[INFO] Using auto detected provider org.apache.maven.surefire.junitplatform.JUnitPlatformProvider
[INFO] 
[INFO] -------------------------------------------------------
[INFO]  T E S T S
[INFO] -------------------------------------------------------
[INFO] Running edu.vt.dag.SchedulerCoreTest
[INFO] Tests run: 8, Failures: 0, Errors: 0, Skipped: 0, Time elapsed: 0.311 s -- in edu.vt.dag.SchedulerCoreTest
[INFO] 
[INFO] Results:
[INFO] 
[INFO] Tests run: 8, Failures: 0, Errors: 0, Skipped: 0
[INFO] 
[INFO] 
[INFO] --- jar:3.4.1:jar (default-jar) @ scheduler ---
[INFO] Building jar: C:\Users\Hasan\OneDrive\Desktop\Capstone\distributed-dag-scheduler\scheduler\target\scheduler-0.2.0.jar
[INFO] 
[INFO] --- shade:3.6.0:shade (default) @ scheduler ---
[INFO] Including edu.vt.dag:protocol:jar:0.2.0 in the shaded jar.
[INFO] Including com.fasterxml.jackson.core:jackson-databind:jar:2.18.3 in the shaded jar.
[INFO] Including com.fasterxml.jackson.core:jackson-annotations:jar:2.18.3 in the shaded jar.
[INFO] Including com.fasterxml.jackson.core:jackson-core:jar:2.18.3 in the shaded jar.
[WARNING] Discovered module-info.class. Shading will break its strong encapsulation.
[WARNING] jackson-annotations-2.18.3.jar, jackson-core-2.18.3.jar, jackson-databind-2.18.3.jar, protocol-0.2.0.jar, scheduler-0.2.0.jar define 1 overlapping resource: 
[WARNING]   - META-INF/MANIFEST.MF
[WARNING] jackson-annotations-2.18.3.jar, jackson-core-2.18.3.jar, jackson-databind-2.18.3.jar define 2 overlapping resources: 
[WARNING]   - META-INF/LICENSE
[WARNING]   - META-INF/NOTICE
[WARNING] jackson-core-2.18.3.jar, jackson-databind-2.18.3.jar define 1 overlapping classes: 
[WARNING]   - META-INF.versions.9.module-info
[WARNING] maven-shade-plugin has detected that some files are
[WARNING] present in two or more JARs. When this happens, only one
[WARNING] single version of the file is copied to the uber jar.
[WARNING] Usually this is not harmful and you can skip these warnings,
[WARNING] otherwise try to manually exclude artifacts based on
[WARNING] mvn dependency:tree -Ddetail=true and the above output.
[WARNING] See https://maven.apache.org/plugins/maven-shade-plugin/
[INFO] Replacing original artifact with shaded artifact.
[INFO] Replacing C:\Users\Hasan\OneDrive\Desktop\Capstone\distributed-dag-scheduler\scheduler\target\scheduler-0.2.0.jar with C:\Users\Hasan\OneDrive\Desktop\Capstone\distributed-dag-scheduler\scheduler\target\scheduler-0.2.0-shaded.jar
[INFO] 
[INFO] ---------------------< edu.vt.dag:artifact-store >----------------------
[INFO] Building artifact-store 0.2.0                                      [4/6]
[INFO]   from artifact-store\pom.xml
[INFO] --------------------------------[ jar ]---------------------------------
[INFO] 
[INFO] --- resources:3.3.1:resources (default-resources) @ artifact-store ---
[INFO] skip non existing resourceDirectory C:\Users\Hasan\OneDrive\Desktop\Capstone\distributed-dag-scheduler\artifact-store\src\main\resources
[INFO] 
[INFO] --- compiler:3.13.0:compile (default-compile) @ artifact-store ---
[INFO] Recompiling the module because of changed dependency.
[INFO] Compiling 1 source file with javac [debug release 21] to target\classes
[INFO] 
[INFO] --- resources:3.3.1:testResources (default-testResources) @ artifact-store ---
[INFO] skip non existing resourceDirectory C:\Users\Hasan\OneDrive\Desktop\Capstone\distributed-dag-scheduler\artifact-store\src\test\resources
[INFO] 
[INFO] --- compiler:3.13.0:testCompile (default-testCompile) @ artifact-store ---
[INFO] No sources to compile
[INFO] 
[INFO] --- surefire:3.5.2:test (default-test) @ artifact-store ---
[INFO] No tests to run.
[INFO] 
[INFO] --- jar:3.4.1:jar (default-jar) @ artifact-store ---
[INFO] Building jar: C:\Users\Hasan\OneDrive\Desktop\Capstone\distributed-dag-scheduler\artifact-store\target\artifact-store-0.2.0.jar
[INFO] 
[INFO] --- shade:3.6.0:shade (default) @ artifact-store ---
[INFO] Including edu.vt.dag:protocol:jar:0.2.0 in the shaded jar.
[INFO] Including com.fasterxml.jackson.core:jackson-databind:jar:2.18.3 in the shaded jar.
[INFO] Including com.fasterxml.jackson.core:jackson-annotations:jar:2.18.3 in the shaded jar.
[INFO] Including com.fasterxml.jackson.core:jackson-core:jar:2.18.3 in the shaded jar.
[WARNING] Discovered module-info.class. Shading will break its strong encapsulation.
[WARNING] artifact-store-0.2.0.jar, jackson-annotations-2.18.3.jar, jackson-core-2.18.3.jar, jackson-databind-2.18.3.jar, protocol-0.2.0.jar define 1 overlapping resource: 
[WARNING]   - META-INF/MANIFEST.MF
[WARNING] jackson-annotations-2.18.3.jar, jackson-core-2.18.3.jar, jackson-databind-2.18.3.jar define 2 overlapping resources: 
[WARNING]   - META-INF/LICENSE
[WARNING]   - META-INF/NOTICE
[WARNING] jackson-core-2.18.3.jar, jackson-databind-2.18.3.jar define 1 overlapping classes: 
[WARNING]   - META-INF.versions.9.module-info
[WARNING] maven-shade-plugin has detected that some files are
[WARNING] present in two or more JARs. When this happens, only one
[WARNING] single version of the file is copied to the uber jar.
[WARNING] Usually this is not harmful and you can skip these warnings,
[WARNING] otherwise try to manually exclude artifacts based on
[WARNING] mvn dependency:tree -Ddetail=true and the above output.
[WARNING] See https://maven.apache.org/plugins/maven-shade-plugin/
[INFO] Replacing original artifact with shaded artifact.
[INFO] Replacing C:\Users\Hasan\OneDrive\Desktop\Capstone\distributed-dag-scheduler\artifact-store\target\artifact-store-0.2.0.jar with C:\Users\Hasan\OneDrive\Desktop\Capstone\distributed-dag-scheduler\artifact-store\target\artifact-store-0.2.0-shaded.jar
[INFO] 
[INFO] -------------------------< edu.vt.dag:worker >--------------------------
[INFO] Building worker 0.2.0                                              [5/6]
[INFO]   from worker\pom.xml
[INFO] --------------------------------[ jar ]---------------------------------
[INFO] 
[INFO] --- resources:3.3.1:resources (default-resources) @ worker ---
[INFO] skip non existing resourceDirectory C:\Users\Hasan\OneDrive\Desktop\Capstone\distributed-dag-scheduler\worker\src\main\resources
[INFO] 
[INFO] --- compiler:3.13.0:compile (default-compile) @ worker ---
[INFO] Recompiling the module because of changed dependency.
[INFO] Compiling 2 source files with javac [debug release 21] to target\classes
[INFO] 
[INFO] --- resources:3.3.1:testResources (default-testResources) @ worker ---
[INFO] skip non existing resourceDirectory C:\Users\Hasan\OneDrive\Desktop\Capstone\distributed-dag-scheduler\worker\src\test\resources
[INFO] 
[INFO] --- compiler:3.13.0:testCompile (default-testCompile) @ worker ---
[INFO] No sources to compile
[INFO] 
[INFO] --- surefire:3.5.2:test (default-test) @ worker ---
[INFO] No tests to run.
[INFO] 
[INFO] --- jar:3.4.1:jar (default-jar) @ worker ---
[INFO] Building jar: C:\Users\Hasan\OneDrive\Desktop\Capstone\distributed-dag-scheduler\worker\target\worker-0.2.0.jar
[INFO] 
[INFO] --- shade:3.6.0:shade (default) @ worker ---
[INFO] Including edu.vt.dag:protocol:jar:0.2.0 in the shaded jar.
[INFO] Including com.fasterxml.jackson.core:jackson-databind:jar:2.18.3 in the shaded jar.
[INFO] Including com.fasterxml.jackson.core:jackson-annotations:jar:2.18.3 in the shaded jar.
[INFO] Including com.fasterxml.jackson.core:jackson-core:jar:2.18.3 in the shaded jar.
[WARNING] Discovered module-info.class. Shading will break its strong encapsulation.
[WARNING] jackson-annotations-2.18.3.jar, jackson-core-2.18.3.jar, jackson-databind-2.18.3.jar, protocol-0.2.0.jar, worker-0.2.0.jar define 1 overlapping resource: 
[WARNING]   - META-INF/MANIFEST.MF
[WARNING] jackson-annotations-2.18.3.jar, jackson-core-2.18.3.jar, jackson-databind-2.18.3.jar define 2 overlapping resources: 
[WARNING]   - META-INF/LICENSE
[WARNING]   - META-INF/NOTICE
[WARNING] jackson-core-2.18.3.jar, jackson-databind-2.18.3.jar define 1 overlapping classes: 
[WARNING]   - META-INF.versions.9.module-info
[WARNING] maven-shade-plugin has detected that some files are
[WARNING] present in two or more JARs. When this happens, only one
[WARNING] single version of the file is copied to the uber jar.
[WARNING] Usually this is not harmful and you can skip these warnings,
[WARNING] otherwise try to manually exclude artifacts based on
[WARNING] mvn dependency:tree -Ddetail=true and the above output.
[WARNING] See https://maven.apache.org/plugins/maven-shade-plugin/
[INFO] Replacing original artifact with shaded artifact.
[INFO] Replacing C:\Users\Hasan\OneDrive\Desktop\Capstone\distributed-dag-scheduler\worker\target\worker-0.2.0.jar with C:\Users\Hasan\OneDrive\Desktop\Capstone\distributed-dag-scheduler\worker\target\worker-0.2.0-shaded.jar
[INFO] 
[INFO] -------------------------< edu.vt.dag:client >--------------------------
[INFO] Building client 0.2.0                                              [6/6]
[INFO]   from client\pom.xml
[INFO] --------------------------------[ jar ]---------------------------------
[INFO] 
[INFO] --- resources:3.3.1:resources (default-resources) @ client ---
[INFO] skip non existing resourceDirectory C:\Users\Hasan\OneDrive\Desktop\Capstone\distributed-dag-scheduler\client\src\main\resources
[INFO] 
[INFO] --- compiler:3.13.0:compile (default-compile) @ client ---
[INFO] Recompiling the module because of changed dependency.
[INFO] Compiling 1 source file with javac [debug release 21] to target\classes
[INFO] 
[INFO] --- resources:3.3.1:testResources (default-testResources) @ client ---
[INFO] skip non existing resourceDirectory C:\Users\Hasan\OneDrive\Desktop\Capstone\distributed-dag-scheduler\client\src\test\resources
[INFO] 
[INFO] --- compiler:3.13.0:testCompile (default-testCompile) @ client ---
[INFO] No sources to compile
[INFO] 
[INFO] --- surefire:3.5.2:test (default-test) @ client ---
[INFO] No tests to run.
[INFO] 
[INFO] --- jar:3.4.1:jar (default-jar) @ client ---
[INFO] Building jar: C:\Users\Hasan\OneDrive\Desktop\Capstone\distributed-dag-scheduler\client\target\client-0.2.0.jar
[INFO] 
[INFO] --- shade:3.6.0:shade (default) @ client ---
[INFO] Including edu.vt.dag:protocol:jar:0.2.0 in the shaded jar.
[INFO] Including com.fasterxml.jackson.core:jackson-databind:jar:2.18.3 in the shaded jar.
[INFO] Including com.fasterxml.jackson.core:jackson-annotations:jar:2.18.3 in the shaded jar.
[INFO] Including com.fasterxml.jackson.core:jackson-core:jar:2.18.3 in the shaded jar.
[WARNING] Discovered module-info.class. Shading will break its strong encapsulation.
[WARNING] jackson-annotations-2.18.3.jar, jackson-core-2.18.3.jar, jackson-databind-2.18.3.jar define 2 overlapping resources: 
[WARNING]   - META-INF/LICENSE
[WARNING]   - META-INF/NOTICE
[WARNING] jackson-core-2.18.3.jar, jackson-databind-2.18.3.jar define 1 overlapping classes: 
[WARNING]   - META-INF.versions.9.module-info
[WARNING] client-0.2.0.jar, jackson-annotations-2.18.3.jar, jackson-core-2.18.3.jar, jackson-databind-2.18.3.jar, protocol-0.2.0.jar define 1 overlapping resource: 
[WARNING]   - META-INF/MANIFEST.MF
[WARNING] maven-shade-plugin has detected that some files are
[WARNING] present in two or more JARs. When this happens, only one
[WARNING] single version of the file is copied to the uber jar.
[WARNING] Usually this is not harmful and you can skip these warnings,
[WARNING] otherwise try to manually exclude artifacts based on
[WARNING] mvn dependency:tree -Ddetail=true and the above output.
[WARNING] See https://maven.apache.org/plugins/maven-shade-plugin/
[INFO] Replacing original artifact with shaded artifact.
[INFO] Replacing C:\Users\Hasan\OneDrive\Desktop\Capstone\distributed-dag-scheduler\client\target\client-0.2.0.jar with C:\Users\Hasan\OneDrive\Desktop\Capstone\distributed-dag-scheduler\client\target\client-0.2.0-shaded.jar
[INFO] ------------------------------------------------------------------------
[INFO] Reactor Summary for dag-ms2 0.2.0:
[INFO] 
[INFO] dag-ms2 ............................................ SUCCESS [  0.005 s]
[INFO] protocol ........................................... SUCCESS [  7.332 s]
[INFO] scheduler .......................................... SUCCESS [  3.546 s]
[INFO] artifact-store ..................................... SUCCESS [  1.105 s]
[INFO] worker ............................................. SUCCESS [  1.202 s]
[INFO] client ............................................. SUCCESS [  0.795 s]
[INFO] ------------------------------------------------------------------------
[INFO] BUILD SUCCESS
[INFO] ------------------------------------------------------------------------
[INFO] Total time:  14.164 s
[INFO] Finished at: 2026-10-02T05:15:06-04:00
[INFO] ------------------------------------------------------------------------
