.dockerignore: OK
.gitattributes: OK
.gitignore: OK
Makefile: OK
artifact-store/Dockerfile: OK
artifact-store/pom.xml: OK
artifact-store/src/main/java/edu/vt/dag/ArtifactMain.java: OK
artifact-store/src/test/java/edu/vt/dag/ArtifactStoreTest.java: OK
benchmarks/__init__.py: OK
benchmarks/run.py: OK
client/pom.xml: OK
client/src/main/java/edu/vt/dag/ClientMain.java: OK
deploy/compose/compose.yaml: OK
deploy/harness/Dockerfile: OK
deploy/harness/in-container.sh: OK
deploy/harness/run.sh: OK
deploy/hokea/HOKEA_API_SHA256.json: OK
deploy/hokea/package_runner.py: OK
deploy/hokea/verify_api.py: OK
pom.xml: OK
protocol/pom.xml: OK
protocol/src/main/java/edu/vt/dag/ApiException.java: OK
protocol/src/main/java/edu/vt/dag/ArtifactClient.java: OK
protocol/src/main/java/edu/vt/dag/HttpSupport.java: OK
protocol/src/main/java/edu/vt/dag/Json.java: OK
protocol/src/main/java/edu/vt/dag/ManifestValidator.java: OK
protocol/src/main/java/edu/vt/dag/Model.java: OK
protocol/src/main/java/edu/vt/dag/Transport.java: OK
protocol/src/test/java/edu/vt/dag/ManifestValidatorTest.java: OK
protocol/src/test/java/edu/vt/dag/WireContractTest.java: OK
pytest.ini: OK
requirements.txt: OK
scheduler/Dockerfile: OK
scheduler/pom.xml: OK
scheduler/src/main/java/edu/vt/dag/MemoryStateStore.java: OK
scheduler/src/main/java/edu/vt/dag/SchedulerCore.java: OK
scheduler/src/main/java/edu/vt/dag/SchedulerMain.java: OK
scheduler/src/main/java/edu/vt/dag/SchedulerState.java: OK
scheduler/src/main/java/edu/vt/dag/StateStore.java: OK
scheduler/src/test/java/edu/vt/dag/SchedulerCoreTest.java: OK
scheduler/src/test/java/edu/vt/dag/SchedulerStateMachineTest.java: OK
tests/__init__.py: OK
tests/conftest.py: OK
tests/faults/test_worker_crash.py: OK
tests/harness/__init__.py: OK
tests/harness/api.py: OK
tests/harness/check_evidence.py: OK
tests/harness/demo.py: OK
tests/harness/hokea_adapter.py: OK
tests/harness/runtime.py: OK
tests/integration/test_api.py: OK
tests/integration/test_functional_workload.py: OK
tests/integration/test_hokea_smoke.py: OK
tests/integration/test_system.py: OK
tests/integration/test_worker_client.py: OK
tests/unit/__init__.py: OK
tests/unit/test_fault_oracle.py: OK
tests/unit/test_history_checks.py: OK
tests/unit/test_hokea_adapter.py: OK
tests/unit/test_hokea_packaging.py: OK
worker/Dockerfile: OK
worker/pom.xml: OK
worker/src/main/java/edu/vt/dag/Operations.java: OK
worker/src/main/java/edu/vt/dag/WorkerMain.java: OK
workloads/functional/expected.json: OK
workloads/functional/functional.json: OK
workloads/video/SHA256SUMS: OK
workloads/video/fixture.srt: OK
workloads/video/generate.sh: OK
workloads/video/sample.mp4: OK
